[demo.themesuccess.com/templates/rectcv/layouts/demo_particle_graphic.html]
[demo.themesuccess.com/templates/rectcv/layouts/assets/js/preloader.js]
[demo.themesuccess.com/templates/rectcv/layouts/assets/css/preload.css]
[demo.themesuccess.com/templates/rectcv/layouts/assets/css/bootstrap.min.css]
[demo.themesuccess.com/templates/rectcv/layouts/assets/css/magnific-popup.css]
[demo.themesuccess.com/templates/rectcv/layouts/assets/css/owl.carousel.min.css]
[demo.themesuccess.com/templates/rectcv/layouts/assets/css/all.min.css]
[demo.themesuccess.com/templates/rectcv/layouts/assets/css/mobirise/style.css]
[demo.themesuccess.com/templates/rectcv/layouts/assets/css/aos.css]
[demo.themesuccess.com/templates/rectcv/layouts/assets/css/main.css]
[demo.themesuccess.com/templates/rectcv/layouts/assets/css/responsive.css]
[demo.themesuccess.com/templates/rectcv/layouts/assets/css/dark.theme.css]
[demo.themesuccess.com/templates/rectcv/layouts/assets/css/default.css]
[backblue.gif]
[fade.gif]
[index.html]
[demo.themesuccess.com/templates/rectcv/layouts/assets/images/newperson.jpg]
[demo.themesuccess.com/templates/rectcv/layouts/assets/images/background_2.jpg]
[demo.themesuccess.com/templates/rectcv/layouts/assets/images/background_video.jpg]
[demo.themesuccess.com/templates/rectcv/layouts/assets/images/portfolio1.jpg]
[demo.themesuccess.com/templates/rectcv/layouts/assets/images/portfolio2.jpg]
[demo.themesuccess.com/templates/rectcv/layouts/assets/images/portfolio3.jpg]
[demo.themesuccess.com/templates/rectcv/layouts/assets/images/portfolio4.jpg]
[demo.themesuccess.com/templates/rectcv/layouts/assets/images/portfolio5.jpg]
[demo.themesuccess.com/templates/rectcv/layouts/assets/images/portfolio6.jpg]
[demo.themesuccess.com/templates/rectcv/layouts/assets/images/background_3.jpg]
[demo.themesuccess.com/templates/rectcv/layouts/assets/images/client1.jpg]
[demo.themesuccess.com/templates/rectcv/layouts/assets/images/client2.jpg]
[demo.themesuccess.com/templates/rectcv/layouts/assets/images/client3.jpg]
[demo.themesuccess.com/templates/rectcv/layouts/assets/images/blog1.jpg]
[demo.themesuccess.com/templates/rectcv/layouts/blog.html]
[demo.themesuccess.com/templates/rectcv/layouts/assets/images/blog3.jpg]
[demo.themesuccess.com/templates/rectcv/layouts/assets/images/blog2.jpg]
[demo.themesuccess.com/templates/rectcv/layouts/assets/css/blue.css]
[demo.themesuccess.com/templates/rectcv/layouts/assets/css/violet.css]
[demo.themesuccess.com/templates/rectcv/layouts/assets/css/green.css]
[demo.themesuccess.com/templates/rectcv/layouts/assets/css/pink.css]
[demo.themesuccess.com/templates/rectcv/layouts/assets/css/red.css]
[demo.themesuccess.com/cdn-cgi/scripts/5c5dd728/cloudflare-static/email-decode.min.js]
[demo.themesuccess.com/templates/rectcv/layouts/assets/js/jquery.js]
[demo.themesuccess.com/templates/rectcv/layouts/assets/js/popper.min.js]
[demo.themesuccess.com/templates/rectcv/layouts/assets/js/bootstrap.min.js]
[demo.themesuccess.com/templates/rectcv/layouts/assets/js/jquery.easing.min.js]
[demo.themesuccess.com/templates/rectcv/layouts/assets/js/jquery.appear.min.js]
[demo.themesuccess.com/templates/rectcv/layouts/assets/js/jquery.countTo.js]
[demo.themesuccess.com/templates/rectcv/layouts/assets/js/scrollspy.js]
[demo.themesuccess.com/templates/rectcv/layouts/assets/js/jquery.magnific-popup.min.js]
[demo.themesuccess.com/templates/rectcv/layouts/assets/js/owl.carousel.min.js]
[demo.themesuccess.com/templates/rectcv/layouts/assets/js/aos.js]
[demo.themesuccess.com/templates/rectcv/layouts/assets/js/typed.min.js]
[demo.themesuccess.com/templates/rectcv/layouts/assets/js/particles.min.js]
[demo.themesuccess.com/templates/rectcv/layouts/assets/js/alert.js]
[demo.themesuccess.com/templates/rectcv/layouts/assets/js/contact.js]
[demo.themesuccess.com/templates/rectcv/layouts/assets/js/custom.js]
[demo.themesuccess.com/templates/rectcv/layouts/assets/js/switcher.js]
[demo.themesuccess.com/templates/rectcv/layouts/demo_particle_graphic.html]
[demo.themesuccess.com/templates/rectcv/layouts/assets/css/preload.css]
[demo.themesuccess.com/templates/rectcv/layouts/assets/css/bootstrap.min.css]
[demo.themesuccess.com/templates/rectcv/layouts/assets/css/magnific-popup.css]
[demo.themesuccess.com/templates/rectcv/layouts/assets/css/owl.video.play.png]
[demo.themesuccess.com/templates/rectcv/layouts/assets/css/owl.carousel.min.css]
[demo.themesuccess.com/templates/rectcv/layouts/assets/webfonts/fa-brands-400.eot]
[demo.themesuccess.com/templates/rectcv/layouts/assets/webfonts/fa-brands-400d41d.eot]
[demo.themesuccess.com/templates/rectcv/layouts/assets/webfonts/fa-brands-400.woff]
[demo.themesuccess.com/templates/rectcv/layouts/assets/webfonts/fa-brands-400.ttf]
[demo.themesuccess.com/templates/rectcv/layouts/assets/webfonts/fa-brands-400.svg]
[demo.themesuccess.com/templates/rectcv/layouts/assets/webfonts/fa-regular-400.eot]
[demo.themesuccess.com/templates/rectcv/layouts/assets/webfonts/fa-regular-400d41d.eot]
[demo.themesuccess.com/templates/rectcv/layouts/assets/webfonts/fa-regular-400.woff]
[demo.themesuccess.com/templates/rectcv/layouts/assets/webfonts/fa-regular-400.ttf]
[demo.themesuccess.com/templates/rectcv/layouts/assets/webfonts/fa-regular-400.svg]
[demo.themesuccess.com/templates/rectcv/layouts/assets/webfonts/fa-solid-900.eot]
[demo.themesuccess.com/templates/rectcv/layouts/assets/webfonts/fa-solid-900d41d.eot]
[demo.themesuccess.com/templates/rectcv/layouts/assets/webfonts/fa-solid-900.woff]
[demo.themesuccess.com/templates/rectcv/layouts/assets/webfonts/fa-solid-900.ttf]
[demo.themesuccess.com/templates/rectcv/layouts/assets/css/all.min.css]
[demo.themesuccess.com/templates/rectcv/layouts/assets/webfonts/fa-solid-900.svg]
[demo.themesuccess.com/templates/rectcv/layouts/assets/css/mobirise/fonts/MobiriseIcons0fc2.eot]
[demo.themesuccess.com/templates/rectcv/layouts/assets/css/mobirise/fonts/MobiriseIcons0fc2.ttf]
[demo.themesuccess.com/templates/rectcv/layouts/assets/css/mobirise/fonts/MobiriseIcons0fc2.woff]
[demo.themesuccess.com/templates/rectcv/layouts/assets/css/mobirise/style.css]
[demo.themesuccess.com/templates/rectcv/layouts/assets/css/aos.css]
[demo.themesuccess.com/templates/rectcv/layouts/assets/css/main.css]
[demo.themesuccess.com/templates/rectcv/layouts/assets/css/responsive.css]
[demo.themesuccess.com/templates/rectcv/layouts/assets/css/mobirise/fonts/MobiriseIcons0fc2.svg]
[demo.themesuccess.com/templates/rectcv/layouts/assets/css/dark.theme.css]
[demo.themesuccess.com/templates/rectcv/layouts/assets/css/default.css]
[demo.themesuccess.com/templates/rectcv/layouts/blog.html]
[demo.themesuccess.com/templates/rectcv/layouts/assets/css/blue.css]
[demo.themesuccess.com/templates/rectcv/layouts/assets/css/violet.css]
[demo.themesuccess.com/templates/rectcv/layouts/assets/css/green.css]
[demo.themesuccess.com/templates/rectcv/layouts/assets/css/pink.css]
[demo.themesuccess.com/templates/rectcv/layouts/assets/css/red.css]
[demo.themesuccess.com/templates/rectcv/layouts/assets/css/owl.video.play.html]
[demo.themesuccess.com/templates/rectcv/layouts/assets/webfonts/fa-brands-400.html]
[demo.themesuccess.com/templates/rectcv/layouts/assets/webfonts/fa-brands-400.svg]
[demo.themesuccess.com/templates/rectcv/layouts/assets/webfonts/fa-regular-400.html]
[demo.themesuccess.com/templates/rectcv/layouts/assets/webfonts/fa-regular-400.svg]
[demo.themesuccess.com/templates/rectcv/layouts/assets/webfonts/fa-solid-900.html]
[demo.themesuccess.com/templates/rectcv/layouts/assets/images/background_pattern.svg]
[demo.themesuccess.com/templates/rectcv/layouts/assets/webfonts/fa-solid-900.svg]
[demo.themesuccess.com/templates/rectcv/layouts/assets/css/mobirise/fonts/MobiriseIcons0fc2.svg]
[demo.themesuccess.com/templates/rectcv/layouts/assets/images/background_pattern.svg]
